ERC report (2023 May 05, Friday 22:33:09, Encoding UTF8)

***** Sheet /
[simulation_model_issue]: Error reading simulation model from symbol 'Q2':
Failed to read simulation model from fields.

    ; Severity: error
    @(101.6000 mm, 101.6000 mm): Symbol Q2 [2N7002]
[simulation_model_issue]: Error reading simulation model from symbol 'Q1':
Failed to read simulation model from fields.

    ; Severity: error
    @(152.4000 mm, 80.0100 mm): Symbol Q1 [DMP3013SFV]
[simulation_model_issue]: Error reading simulation model from symbol '#PWR01':
Failed to read simulation model from fields.

    ; Severity: error
    @(104.1400 mm, 113.0300 mm): Symbol #PWR01 [Earth]
[simulation_model_issue]: Error reading simulation model from symbol '#FLG03':
Failed to read simulation model from fields.

    ; Severity: error
    @(114.3000 mm, 113.0300 mm): Symbol #FLG03 [PWR_FLAG]
[simulation_model_issue]: Error reading simulation model from symbol '#FLG02':
Failed to read simulation model from fields.

    ; Severity: error
    @(182.8800 mm, 72.3900 mm): Symbol #FLG02 [PWR_FLAG]
[simulation_model_issue]: Error reading simulation model from symbol 'U1':
Failed to read simulation model from fields.

    ; Severity: error
    @(200.6600 mm, 77.4700 mm): Symbol U1 [LM317_SOT-223]
[simulation_model_issue]: Error reading simulation model from symbol '#PWR05':
Failed to read simulation model from fields.

    ; Severity: error
    @(257.8100 mm, 66.0400 mm): Symbol #PWR05 [Earth]
[simulation_model_issue]: Error reading simulation model from symbol 'J3':
Failed to read simulation model from fields.

    ; Severity: error
    @(262.8900 mm, 63.5000 mm): Symbol J3 [Conn_01x02]
[simulation_model_issue]: Error reading simulation model from symbol '#PWR06':
Failed to read simulation model from fields.

    ; Severity: error
    @(257.8100 mm, 77.4700 mm): Symbol #PWR06 [Earth]
[simulation_model_issue]: Error reading simulation model from symbol 'J4':
Failed to read simulation model from fields.

    ; Severity: error
    @(262.8900 mm, 74.9300 mm): Symbol J4 [Conn_01x02]
[simulation_model_issue]: Error reading simulation model from symbol 'JP1':
Failed to read simulation model from fields.

    ; Severity: error
    @(220.9800 mm, 82.5500 mm): Symbol JP1 [SolderJumper_2_Open]
[simulation_model_issue]: Error reading simulation model from symbol 'JP2':
Failed to read simulation model from fields.

    ; Severity: error
    @(236.2200 mm, 82.5500 mm): Symbol JP2 [SolderJumper_2_Open]
[simulation_model_issue]: Error reading simulation model from symbol 'RV1':
Failed to read simulation model from fields.

    ; Severity: error
    @(214.6300 mm, 102.8700 mm): Symbol RV1 [R_Potentiometer_Small]
[simulation_model_issue]: Error reading simulation model from symbol '#PWR04':
Failed to read simulation model from fields.

    ; Severity: error
    @(34.2900 mm, 80.0100 mm): Symbol #PWR04 [Earth]
[simulation_model_issue]: Error reading simulation model from symbol 'SW1':
Failed to read simulation model from fields.

    ; Severity: error
    @(83.8200 mm, 101.6000 mm): Symbol SW1 [SW_SPDT]
[simulation_model_issue]: Error reading simulation model from symbol '#PWR02':
Failed to read simulation model from fields.

    ; Severity: error
    @(50.8000 mm, 113.0300 mm): Symbol #PWR02 [Earth]
[simulation_model_issue]: Error reading simulation model from symbol '#PWR03':
Failed to read simulation model from fields.

    ; Severity: error
    @(34.2900 mm, 68.5800 mm): Symbol #PWR03 [Earth]
[simulation_model_issue]: Error reading simulation model from symbol 'J1':
Failed to read simulation model from fields.

    ; Severity: error
    @(29.2100 mm, 66.0400 mm): Symbol J1 [Conn_01x02]
[simulation_model_issue]: Error reading simulation model from symbol 'J2':
Failed to read simulation model from fields.

    ; Severity: error
    @(29.2100 mm, 77.4700 mm): Symbol J2 [Conn_01x02]
[simulation_model_issue]: Error reading simulation model from symbol '#FLG01':
Failed to read simulation model from fields.

    ; Severity: error
    @(73.6600 mm, 72.3900 mm): Symbol #FLG01 [PWR_FLAG]

 ** ERC messages: 20  Errors 20  Warnings 0
